기기 시뮬레이터 시작
  대상      : http://localhost:8080/api/device/data
  device_id : AA:BB:CC:00:11:22
  주기      : 5초,  실행 215초
  유실률    : 40%
  단절      : 150초 뒤 전송 중단

15:10:16  HEARTBEAT 건너뜀        (유실 흉내)
15:10:21  HEARTBEAT 건너뜀        (유실 흉내)
15:10:26  HEARTBEAT 건너뜀        (유실 흉내)
15:10:31  HEARTBEAT 건너뜀        (유실 흉내)
15:10:36  HEARTBEAT 건너뜀        (유실 흉내)
15:10:41  HEARTBEAT 건너뜀        (유실 흉내)
15:10:46  HEARTBEAT                  HTTP 200
15:10:51  HEARTBEAT 건너뜀        (유실 흉내)
15:10:56  HEARTBEAT                  HTTP 200
15:11:01  HEARTBEAT                  HTTP 200
15:11:06  HEARTBEAT                  HTTP 200
15:11:11  HEARTBEAT                  HTTP 200
15:11:16  HEARTBEAT                  HTTP 200
15:11:21  HEARTBEAT                  HTTP 200
15:11:26  HEARTBEAT                  HTTP 200
15:11:31  HEARTBEAT                  HTTP 200
15:11:36  HEARTBEAT 건너뜀        (유실 흉내)
15:11:41  HEARTBEAT                  HTTP 200
15:11:46  HEARTBEAT                  HTTP 200
15:11:51  HEARTBEAT                  HTTP 200
15:11:56  HEARTBEAT 건너뜀        (유실 흉내)
15:12:01  HEARTBEAT                  HTTP 200
15:12:06  HEARTBEAT 건너뜀        (유실 흉내)
15:12:11  HEARTBEAT 건너뜀        (유실 흉내)
15:12:16  HEARTBEAT                  HTTP 200
15:12:21  HEARTBEAT                  HTTP 200
15:12:26  HEARTBEAT 건너뜀        (유실 흉내)
15:12:31  HEARTBEAT 건너뜀        (유실 흉내)
15:12:36  HEARTBEAT                  HTTP 200
15:12:41  HEARTBEAT                  HTTP 200
15:12:46  *** 전송 중단 ***      (이후 무신호 - 서버가 단절을 감지해야 한다)

종료 (215초)
  전송 성공 : 17   (EVENT 0 건 포함)
  유실 흉내 : 13
  거부/실패 : 0
