기기 시뮬레이터 시작
  대상      : http://localhost:8080/api/device/data
  device_id : AA:BB:CC:00:11:22
  주기      : 5초,  실행 215초
  유실률    : 40%
  단절      : 150초 뒤 전송 중단

15:17:53  HEARTBEAT                  HTTP 200
15:17:58  HEARTBEAT                  HTTP 200
15:18:03  HEARTBEAT                  HTTP 200
15:18:08  HEARTBEAT                  HTTP 200
15:18:13  HEARTBEAT 건너뜀        (유실 흉내)
15:18:18  HEARTBEAT                  HTTP 200
15:18:24  HEARTBEAT                  HTTP 200
15:18:28  HEARTBEAT 건너뜀        (유실 흉내)
15:18:33  HEARTBEAT                  HTTP 200
15:18:38  HEARTBEAT                  HTTP 200
15:18:43  HEARTBEAT 건너뜀        (유실 흉내)
15:18:48  HEARTBEAT                  HTTP 200
15:18:53  HEARTBEAT                  HTTP 200
15:18:58  HEARTBEAT 건너뜀        (유실 흉내)
15:19:03  HEARTBEAT                  HTTP 200
15:19:08  HEARTBEAT 건너뜀        (유실 흉내)
15:19:13  HEARTBEAT                  HTTP 200
15:19:18  HEARTBEAT 건너뜀        (유실 흉내)
15:19:23  HEARTBEAT                  HTTP 200
15:19:28  HEARTBEAT 건너뜀        (유실 흉내)
15:19:33  HEARTBEAT                  HTTP 200
15:19:38  HEARTBEAT 건너뜀        (유실 흉내)
15:19:43  HEARTBEAT 건너뜀        (유실 흉내)
15:19:49  HEARTBEAT                  HTTP 200
15:19:53  HEARTBEAT                  HTTP 200
15:19:58  HEARTBEAT 건너뜀        (유실 흉내)
15:20:03  HEARTBEAT 건너뜀        (유실 흉내)
15:20:08  HEARTBEAT                  HTTP 200
15:20:13  HEARTBEAT                  HTTP 200
15:20:18  HEARTBEAT                  HTTP 200
15:20:23  *** 전송 중단 ***      (이후 무신호 - 서버가 단절을 감지해야 한다)

종료 (215초)
  전송 성공 : 19   (EVENT 0 건 포함)
  유실 흉내 : 11
  거부/실패 : 0
